one
two
three
[
  1,
  2,
  3,
  4
]
bar
output: foo
output: bar
output: foo
output: bar
